Report time       : Fri Jul 24 11:50:46     2020.
Solution          : duaL_one_memory_with_mux.
Simulation tool   : xsim.

+----------+----------+-----------------------------------------------+-----------------------------------------------+
|          |          |                    Latency                    |                    Interval                   |
+   RTL    +  Status  +-----------------------------------------------+-----------------------------------------------+
|          |          |      min      |      avg      |      max      |      min      |      avg      |      max      |
+----------+----------+-----------------------------------------------+-----------------------------------------------+
|      VHDL|        NA|             NA|             NA|             NA|             NA|             NA|             NA|
|   Verilog|      Pass|              7|             10|             12|              4|              4|              7|
+----------+----------+-----------------------------------------------+-----------------------------------------------+
