

================================================================
== Vivado HLS Report for 'busqueda_cam'
================================================================
* Date:           Fri Jul 24 13:37:58 2020

* Version:        2019.1 (Build 2552052 on Fri May 24 15:28:33 MDT 2019)
* Project:        cam_hash
* Solution:       duaL_one_memory_with_mux
* Product family: zynq
* Target device:  xc7z020-clg484-1


================================================================
== Performance Estimates
================================================================
+ Timing (ns): 
    * Summary: 
    +--------+-------+----------+------------+
    |  Clock | Target| Estimated| Uncertainty|
    +--------+-------+----------+------------+
    |ap_clk  |  10.00|     6.888|        1.25|
    +--------+-------+----------+------------+

+ Latency (clock cycles): 
    * Summary: 
    +-----+-----+-----+-----+---------+
    |  Latency  |  Interval | Pipeline|
    | min | max | min | max |   Type  |
    +-----+-----+-----+-----+---------+
    |    3|    3|    3|    3|   none  |
    +-----+-----+-----+-----+---------+

    + Detail: 
        * Instance: 
        N/A

        * Loop: 
        N/A



================================================================
== Utilization Estimates
================================================================
* Summary: 
+-----------------+---------+-------+--------+-------+-----+
|       Name      | BRAM_18K| DSP48E|   FF   |  LUT  | URAM|
+-----------------+---------+-------+--------+-------+-----+
|DSP              |        -|      -|       -|      -|    -|
|Expression       |        -|      -|       0|    102|    -|
|FIFO             |        -|      -|       -|      -|    -|
|Instance         |        -|      -|       -|      -|    -|
|Memory           |        -|      -|       -|      -|    -|
|Multiplexer      |        -|      -|       -|    159|    -|
|Register         |        -|      -|      44|      -|    -|
+-----------------+---------+-------+--------+-------+-----+
|Total            |        0|      0|      44|    261|    0|
+-----------------+---------+-------+--------+-------+-----+
|Available        |      280|    220|  106400|  53200|    0|
+-----------------+---------+-------+--------+-------+-----+
|Utilization (%)  |        0|      0|   ~0   |   ~0  |    0|
+-----------------+---------+-------+--------+-------+-----+

+ Detail: 
    * Instance: 
    N/A

    * DSP48E: 
    N/A

    * Memory: 
    N/A

    * FIFO: 
    N/A

    * Expression: 
    +------------------------+----------+-------+---+----+------------+------------+
    |      Variable Name     | Operation| DSP48E| FF| LUT| Bitwidth P0| Bitwidth P1|
    +------------------------+----------+-------+---+----+------------+------------+
    |and_ln62_fu_192_p2      |    and   |      0|  0|   2|           1|           1|
    |and_ln65_fu_208_p2      |    and   |      0|  0|   2|           1|           1|
    |and_ln77_fu_231_p2      |    and   |      0|  0|   2|           1|           1|
    |and_ln80_fu_247_p2      |    and   |      0|  0|   2|           1|           1|
    |icmp_ln879_2_fu_226_p2  |   icmp   |      0|  0|   8|           2|           2|
    |icmp_ln879_3_fu_182_p2  |   icmp   |      0|  0|  13|          11|          11|
    |icmp_ln879_4_fu_187_p2  |   icmp   |      0|  0|   8|           2|           2|
    |icmp_ln879_5_fu_237_p2  |   icmp   |      0|  0|  13|          11|          11|
    |icmp_ln879_6_fu_242_p2  |   icmp   |      0|  0|   8|           2|           2|
    |icmp_ln879_7_fu_198_p2  |   icmp   |      0|  0|  13|          11|          11|
    |icmp_ln879_8_fu_203_p2  |   icmp   |      0|  0|   8|           2|           2|
    |icmp_ln879_fu_221_p2    |   icmp   |      0|  0|  13|          11|          11|
    |ap_block_state1         |    or    |      0|  0|   2|           1|           1|
    |ap_block_state2         |    or    |      0|  0|   2|           1|           1|
    |ap_block_state3         |    or    |      0|  0|   2|           1|           1|
    |ap_block_state4         |    or    |      0|  0|   2|           1|           1|
    |ap_block_state5         |    or    |      0|  0|   2|           1|           1|
    +------------------------+----------+-------+---+----+------------+------------+
    |Total                   |          |      0|  0| 102|          61|          61|
    +------------------------+----------+-------+---+----+------------+------------+

    * Multiplexer: 
    +----------------------+----+-----------+-----+-----------+
    |         Name         | LUT| Input Size| Bits| Total Bits|
    +----------------------+----+-----------+-----+-----------+
    |ap_NS_fsm             |  33|          6|    1|          6|
    |ap_done               |   9|          2|    1|          2|
    |fatherSearch_blk_n    |   9|          2|    1|          2|
    |in1_V_V_blk_n         |   9|          2|    1|          2|
    |in1_V_V_din           |  21|          4|   11|         44|
    |in2_V_V_blk_n         |   9|          2|    1|          2|
    |in2_V_V_din           |  21|          4|   11|         44|
    |nodo_V_blk_n          |   9|          2|    1|          2|
    |real_start            |   9|          2|    1|          2|
    |relationship_V_blk_n  |   9|          2|    1|          2|
    |tree_V_address0       |  21|          4|   10|         40|
    +----------------------+----+-----------+-----+-----------+
    |Total                 | 159|         32|   40|        148|
    +----------------------+----+-----------+-----+-----------+

    * Register: 
    +-----------------------------+----+----+-----+-----------+
    |             Name            | FF | LUT| Bits| Const Bits|
    +-----------------------------+----+----+-----+-----------+
    |ap_CS_fsm                    |   5|   0|    5|          0|
    |ap_done_reg                  |   1|   0|    1|          0|
    |nodo_V_read_reg_258          |  11|   0|   11|          0|
    |relationship_V_read_reg_266  |   2|   0|    2|          0|
    |start_once_reg               |   1|   0|    1|          0|
    |tree_V_load_reg_277          |  24|   0|   24|          0|
    +-----------------------------+----+----+-----+-----------+
    |Total                        |  44|   0|   44|          0|
    +-----------------------------+----+----+-----+-----------+



================================================================
== Interface
================================================================
* Summary: 
+------------------------+-----+-----+------------+----------------+--------------+
|        RTL Ports       | Dir | Bits|  Protocol  |  Source Object |    C Type    |
+------------------------+-----+-----+------------+----------------+--------------+
|ap_clk                  |  in |    1| ap_ctrl_hs |  busqueda_cam  | return value |
|ap_rst                  |  in |    1| ap_ctrl_hs |  busqueda_cam  | return value |
|ap_start                |  in |    1| ap_ctrl_hs |  busqueda_cam  | return value |
|start_full_n            |  in |    1| ap_ctrl_hs |  busqueda_cam  | return value |
|ap_done                 | out |    1| ap_ctrl_hs |  busqueda_cam  | return value |
|ap_continue             |  in |    1| ap_ctrl_hs |  busqueda_cam  | return value |
|ap_idle                 | out |    1| ap_ctrl_hs |  busqueda_cam  | return value |
|ap_ready                | out |    1| ap_ctrl_hs |  busqueda_cam  | return value |
|start_out               | out |    1| ap_ctrl_hs |  busqueda_cam  | return value |
|start_write             | out |    1| ap_ctrl_hs |  busqueda_cam  | return value |
|tree_V_address0         | out |   10|  ap_memory |     tree_V     |     array    |
|tree_V_ce0              | out |    1|  ap_memory |     tree_V     |     array    |
|tree_V_q0               |  in |   24|  ap_memory |     tree_V     |     array    |
|nodo_V_dout             |  in |   11|   ap_fifo  |     nodo_V     |    pointer   |
|nodo_V_empty_n          |  in |    1|   ap_fifo  |     nodo_V     |    pointer   |
|nodo_V_read             | out |    1|   ap_fifo  |     nodo_V     |    pointer   |
|relationship_V_dout     |  in |    2|   ap_fifo  | relationship_V |    pointer   |
|relationship_V_empty_n  |  in |    1|   ap_fifo  | relationship_V |    pointer   |
|relationship_V_read     | out |    1|   ap_fifo  | relationship_V |    pointer   |
|fatherSearch_dout       |  in |    1|   ap_fifo  |  fatherSearch  |    pointer   |
|fatherSearch_empty_n    |  in |    1|   ap_fifo  |  fatherSearch  |    pointer   |
|fatherSearch_read       | out |    1|   ap_fifo  |  fatherSearch  |    pointer   |
|in1_V_V_din             | out |   11|   ap_fifo  |     in1_V_V    |    pointer   |
|in1_V_V_full_n          |  in |    1|   ap_fifo  |     in1_V_V    |    pointer   |
|in1_V_V_write           | out |    1|   ap_fifo  |     in1_V_V    |    pointer   |
|in2_V_V_din             | out |   11|   ap_fifo  |     in2_V_V    |    pointer   |
|in2_V_V_full_n          |  in |    1|   ap_fifo  |     in2_V_V    |    pointer   |
|in2_V_V_write           | out |    1|   ap_fifo  |     in2_V_V    |    pointer   |
+------------------------+-----+-----+------------+----------------+--------------+

