

================================================================
== Vivado HLS Report for 'busqueda_cam'
================================================================
* Date:           Fri Jul 24 17:56:20 2020

* Version:        2019.1 (Build 2552052 on Fri May 24 15:28:33 MDT 2019)
* Project:        cam_simple
* Solution:       simple_optimizada_parada
* Product family: zynq
* Target device:  xc7z020-clg484-1


================================================================
== Performance Estimates
================================================================
+ Timing (ns): 
    * Summary: 
    +--------+-------+----------+------------+
    |  Clock | Target| Estimated| Uncertainty|
    +--------+-------+----------+------------+
    |ap_clk  |  10.00|     7.090|        1.25|
    +--------+-------+----------+------------+

+ Latency (clock cycles): 
    * Summary: 
    +-----+------+-----+------+---------+
    |   Latency  |  Interval  | Pipeline|
    | min |  max | min |  max |   Type  |
    +-----+------+-----+------+---------+
    |    6|  3076|    6|  3076|   none  |
    +-----+------+-----+------+---------+

    + Detail: 
        * Instance: 
        N/A

        * Loop: 
        +----------+-----+------+----------+-----------+-----------+----------+----------+
        |          |   Latency  | Iteration|  Initiation Interval  |   Trip   |          |
        | Loop Name| min |  max |  Latency |  achieved |   target  |   Count  | Pipelined|
        +----------+-----+------+----------+-----------+-----------+----------+----------+
        |- Loop 1  |    3|  2049|         2|          2|          1| 1 ~ 1024 |    yes   |
        |- Loop 2  |    5|  3074|         3|          3|          1| 1 ~ 1024 |    yes   |
        +----------+-----+------+----------+-----------+-----------+----------+----------+



================================================================
== Utilization Estimates
================================================================
* Summary: 
+-----------------+---------+-------+--------+-------+-----+
|       Name      | BRAM_18K| DSP48E|   FF   |  LUT  | URAM|
+-----------------+---------+-------+--------+-------+-----+
|DSP              |        -|      -|       -|      -|    -|
|Expression       |        -|      -|       0|    108|    -|
|FIFO             |        -|      -|       -|      -|    -|
|Instance         |        -|      -|       -|      -|    -|
|Memory           |        -|      -|       -|      -|    -|
|Multiplexer      |        -|      -|       -|    110|    -|
|Register         |        -|      -|      93|      -|    -|
+-----------------+---------+-------+--------+-------+-----+
|Total            |        0|      0|      93|    218|    0|
+-----------------+---------+-------+--------+-------+-----+
|Available        |      280|    220|  106400|  53200|    0|
+-----------------+---------+-------+--------+-------+-----+
|Utilization (%)  |        0|      0|   ~0   |   ~0  |    0|
+-----------------+---------+-------+--------+-------+-----+

+ Detail: 
    * Instance: 
    N/A

    * DSP48E: 
    N/A

    * Memory: 
    N/A

    * FIFO: 
    N/A

    * Expression: 
    +--------------------------------+----------+-------+---+----+------------+------------+
    |          Variable Name         | Operation| DSP48E| FF| LUT| Bitwidth P0| Bitwidth P1|
    +--------------------------------+----------+-------+---+----+------------+------------+
    |i_1_fu_178_p2                   |     +    |      0|  0|  13|          11|           1|
    |i_fu_244_p2                     |     +    |      0|  0|  13|          11|           1|
    |and_ln23_fu_269_p2              |    and   |      0|  0|   2|           1|           1|
    |and_ln33_fu_213_p2              |    and   |      0|  0|   2|           1|           1|
    |ap_block_state4                 |    and   |      0|  0|   2|           1|           1|
    |ap_block_state8                 |    and   |      0|  0|   2|           1|           1|
    |ap_predicate_op38_write_state4  |    and   |      0|  0|   2|           1|           1|
    |icmp_ln18_fu_238_p2             |   icmp   |      0|  0|  13|          11|          12|
    |icmp_ln28_fu_172_p2             |   icmp   |      0|  0|  13|          11|          12|
    |icmp_ln879_1_fu_203_p2          |   icmp   |      0|  0|  13|          11|          11|
    |icmp_ln879_2_fu_264_p2          |   icmp   |      0|  0|   8|           2|           2|
    |icmp_ln879_3_fu_208_p2          |   icmp   |      0|  0|   8|           2|           2|
    |icmp_ln879_fu_259_p2            |   icmp   |      0|  0|  13|          11|          11|
    |or_ln37_fu_233_p2               |    or    |      0|  0|   2|           1|           1|
    |xor_ln37_fu_227_p2              |    xor   |      0|  0|   2|           1|           2|
    +--------------------------------+----------+-------+---+----+------------+------------+
    |Total                           |          |      0|  0| 108|          77|          60|
    +--------------------------------+----------+-------+---+----+------------+------------+

    * Multiplexer: 
    +------------------+----+-----------+-----+-----------+
    |       Name       | LUT| Input Size| Bits| Total Bits|
    +------------------+----+-----------+-----+-----------+
    |ap_NS_fsm         |  47|         10|    1|         10|
    |i1_0_reg_135      |   9|          2|   11|         22|
    |i_0_reg_146       |   9|          2|   11|         22|
    |result_V_V_blk_n  |   9|          2|    1|          2|
    |result_V_V_din    |  21|          4|   11|         44|
    |tree_V_address0   |  15|          3|   10|         30|
    +------------------+----+-----------+-----+-----------+
    |Total             | 110|         23|   45|        130|
    +------------------+----+-----------+-----+-----------+

    * Register: 
    +----------------------+----+----+-----+-----------+
    |         Name         | FF | LUT| Bits| Const Bits|
    +----------------------+----+----+-----+-----------+
    |and_ln33_reg_327      |   1|   0|    1|          0|
    |ap_CS_fsm             |   9|   0|    9|          0|
    |flag_0_fu_84          |   1|   0|    1|          0|
    |i1_0_reg_135          |  11|   0|   11|          0|
    |i_0_reg_146           |  11|   0|   11|          0|
    |i_1_reg_312           |  11|   0|   11|          0|
    |i_reg_343             |  11|   0|   11|          0|
    |icmp_ln18_reg_339     |   1|   0|    1|          0|
    |icmp_ln28_reg_308     |   1|   0|    1|          0|
    |icmp_ln879_1_reg_322  |   1|   0|    1|          0|
    |tmp_V_1_reg_331       |  11|   0|   11|          0|
    |valor_V_reg_353       |  24|   0|   24|          0|
    +----------------------+----+----+-----+-----------+
    |Total                 |  93|   0|   93|          0|
    +----------------------+----+----+-----+-----------+



================================================================
== Interface
================================================================
* Summary: 
+-------------------+-----+-----+------------+----------------+--------------+
|     RTL Ports     | Dir | Bits|  Protocol  |  Source Object |    C Type    |
+-------------------+-----+-----+------------+----------------+--------------+
|ap_clk             |  in |    1| ap_ctrl_hs |  busqueda_cam  | return value |
|ap_rst             |  in |    1| ap_ctrl_hs |  busqueda_cam  | return value |
|ap_start           |  in |    1| ap_ctrl_hs |  busqueda_cam  | return value |
|ap_done            | out |    1| ap_ctrl_hs |  busqueda_cam  | return value |
|ap_idle            | out |    1| ap_ctrl_hs |  busqueda_cam  | return value |
|ap_ready           | out |    1| ap_ctrl_hs |  busqueda_cam  | return value |
|tree_V_address0    | out |   10|  ap_memory |     tree_V     |     array    |
|tree_V_ce0         | out |    1|  ap_memory |     tree_V     |     array    |
|tree_V_q0          |  in |   24|  ap_memory |     tree_V     |     array    |
|nodo_V             |  in |   11|   ap_none  |     nodo_V     |    scalar    |
|relationship_V     |  in |    2|   ap_none  | relationship_V |    scalar    |
|fatherSearch       |  in |    1|   ap_none  |  fatherSearch  |    scalar    |
|result_V_V_din     | out |   11|   ap_fifo  |   result_V_V   |    pointer   |
|result_V_V_full_n  |  in |    1|   ap_fifo  |   result_V_V   |    pointer   |
|result_V_V_write   | out |    1|   ap_fifo  |   result_V_V   |    pointer   |
+-------------------+-----+-----+------------+----------------+--------------+

